<html>
<body>
<pre>
<h1>µVision Build Log</h1>
<h2>Tool Versions:</h2>
IDE-Version: ¶ÃVision V5.39.0.0
Copyright (C) 2023 ARM Ltd and ARM Germany GmbH. All rights reserved.
License Information: 1 1, 1, LIC=8MZI6-DXMA9-JP5ZQ-NN4ZL-JJCCS-EW6Y1
 
Tool Versions:
Toolchain:       MDK-ARM Professional  Version: 5.39.0.0
Toolchain Path:  D:\KEIL5\keil5\ARM\ARMCC\Bin
C Compiler:      Armcc.exe V5.06 update 7 (build 960)
Assembler:       Armasm.exe V5.06 update 7 (build 960)
Linker/Locator:  ArmLink.exe V5.06 update 7 (build 960)
Library Manager: ArmAr.exe V5.06 update 7 (build 960)
Hex Converter:   FromElf.exe V5.06 update 7 (build 960)
CPU DLL:         SARMCM3.DLL V5.39.0.0
Dialog DLL:      DARMSTM.DLL V1.69.1.0
Target DLL:      STLink\ST-LINKIII-KEIL_SWO.dll V3.2.0.0
Dialog DLL:      TCM.DLL V1.56.4.0
 
<h2>Project:</h2>
C:\Users\ÃÏ∆Ω∑Ê∏Á\Desktop\stm32\demo\fly\Project.uvprojx
Project File Date:  12/15/2024

<h2>Output:</h2>
*** Using Compiler 'V5.06 update 7 (build 960)', folder: 'D:\KEIL5\keil5\ARM\ARMCC\Bin'
Rebuild target 'Target 1'
assembling startup_stm32f10x_md.s...
compiling misc.c...
compiling stm32f10x_it.c...
compiling system_stm32f10x.c...
compiling core_cm3.c...
compiling main.c...
.\Haedware\fly\flyconput.h(50): warning:  #1295-D: Deprecated declaration APP_Fligh_PID_Control - give arg types
  void APP_Fligh_PID_Control();
User\main.c: 1 warning, 0 errors
compiling Function_Task.c...
.\Haedware\fly\flyconput.h(50): warning:  #1295-D: Deprecated declaration APP_Fligh_PID_Control - give arg types
  void APP_Fligh_PID_Control();
User\Function_Task.c(81): warning:  #177-D: variable "status_Power"  was declared but never referenced
  		BaseType_t status_Power;
User\Function_Task.c(85): warning:  #550-D: variable "Power"  was set but never used
  		char Power[8];
User\Function_Task.c(259): warning:  #177-D: variable "i"  was declared but never referenced
  		u8 i;
User\Function_Task.c: 4 warnings, 0 errors
compiling stm32f10x_adc.c...
compiling stm32f10x_can.c...
compiling stm32f10x_crc.c...
compiling stm32f10x_cec.c...
compiling stm32f10x_dbgmcu.c...
compiling stm32f10x_bkp.c...
compiling stm32f10x_dac.c...
compiling stm32f10x_dma.c...
compiling stm32f10x_i2c.c...
compiling stm32f10x_exti.c...
compiling stm32f10x_gpio.c...
compiling stm32f10x_flash.c...
compiling stm32f10x_fsmc.c...
compiling stm32f10x_iwdg.c...
compiling stm32f10x_rtc.c...
compiling stm32f10x_pwr.c...
compiling stm32f10x_rcc.c...
compiling stm32f10x_sdio.c...
compiling stm32f10x_spi.c...
compiling stm32f10x_tim.c...
compiling stm32f10x_usart.c...
compiling delay.c...
compiling stm32f10x_wwdg.c...
compiling Serial.c...
compiling i2c.c...
compiling mpuiic.c...
compiling bmp280.c...
compiling sys.c...
compiling LED.c...
compiling inv_mpu_dmp_motion_driver.c...
compiling inv_mpu.c...
compiling mpu6050.c...
compiling nrf24l01.c...
compiling motor.c...
compiling pid.c...
compiling power.c...
compiling croutine.c...
compiling event_groups.c...
compiling queue.c...
compiling list.c...
compiling kalman.c...
compiling timers.c...
compiling imu.c...
compiling flyconput.c...
Haedware\fly\flyconput.h(50): warning:  #1295-D: Deprecated declaration APP_Fligh_PID_Control - give arg types
  void APP_Fligh_PID_Control();
Haedware\fly\flyconput.c: 1 warning, 0 errors
compiling tasks.c...
compiling heap_4.c...
compiling stream_buffer.c...
compiling port.c...
linking...
Program Size: Code=25508 RO-data=3740 RW-data=344 ZI-data=16888  
".\Objects\Project.axf" - 0 Error(s), 6 Warning(s).

<h2>Software Packages used:</h2>

Package Vendor: Keil
                https://www.keil.com/pack/Keil.STM32F1xx_DFP.2.4.1.pack
                Keil::STM32F1xx_DFP@2.4.1
                STMicroelectronics STM32F1 Series Device Support, Drivers and Examples

<h2>Collection of Component include folders:</h2>
  D:/KEIL5/pack/Keil/STM32F1xx_DFP/2.4.1/Device/Include

<h2>Collection of Component Files used:</h2>
Build Time Elapsed:  00:00:28
</pre>
</body>
</html>
